=== Health Check Sat May 23 16:38:17 JST 2026 ===
 M .github/workflows/ci.yml
 M .github/workflows/stealth-recovery-e2e.yml
 M OPEN_SOURCE_READINESS.md
 M tests/README.md
 M tests/test_mcp_contract.py
 M tests/test_mcp_server_runtime.py
?? RELEASE_AUTONOMOUS_PLAN.md
?? RELEASE_HEALTH.log
master
tests/test_tls_ja3_ja4.py::TestJA4Fingerprint::test_ja4_format_starts_correctly
tests/test_tls_ja3_ja4.py::TestJA4Fingerprint::test_chrome_ja4_has_required_fields
tests/test_tls_ja3_ja4.py::TestJA4Fingerprint::test_different_ciphers_produce_different_ja4

504/506 tests collected (2 deselected) in 0.44s
{
  "tools": [
    {
      "name": "stealth_launch",
      "description": "Launch browser session with stealth settings and optional preset/region.",
      "inputSchema": {
        "type": "object",
        "properties": {
          "session_name": {
            "type": "string",
            "description": "Session identifier."
          },
          "headless": {
            "type": "boolean",
            "default": true
          },
          "debug": {
            "type": "boolean",
            "default": false
          },
[{"conclusion":"","createdAt":"2026-05-23T07:35:41Z","name":"Stealth + Recovery CI (E2E opt-in for"},{"conclusion":"success","createdAt":"2026-05-23T07:35:41Z","name":"CI"},{"conclusion":"success","createdAt":"2026-05-23T07:35:40Z","name":"Push on master"}]
=== Health Check Sat May 23 16:50:07 JST 2026 ===
 M .github/workflows/ci.yml
 M .github/workflows/stealth-recovery-e2e.yml
 M OPEN_SOURCE_READINESS.md
 M tests/README.md
 M tests/test_mcp_contract.py
?? RELEASE_AUTONOMOUS_PLAN.md
?? RELEASE_HEALTH.log
master
tests/test_tls_ja3_ja4.py::TestJA4Fingerprint::test_ja4_format_starts_correctly
tests/test_tls_ja3_ja4.py::TestJA4Fingerprint::test_chrome_ja4_has_required_fields
tests/test_tls_ja3_ja4.py::TestJA4Fingerprint::test_different_ciphers_produce_different_ja4

505/507 tests collected (2 deselected) in 0.51s
{
  "tools": [
    {
      "name": "stealth_launch",
      "description": "Launch browser session with stealth settings and optional preset/region.",
      "inputSchema": {
        "type": "object",
        "properties": {
          "session_name": {
            "type": "string",
            "description": "Session identifier."
          },
          "headless": {
            "type": "boolean",
            "default": true
          },
          "debug": {
            "type": "boolean",
            "default": false
          },
[{"conclusion":"success","createdAt":"2026-05-23T07:42:08Z","name":"Push on master"},{"conclusion":"success","createdAt":"2026-05-23T07:42:08Z","name":"CI"},{"conclusion":"success","createdAt":"2026-05-23T07:42:08Z","name":"Stealth + Recovery CI (E2E opt-in for"}]
=== Health Check Sat May 23 17:05:07 JST 2026 ===
 M .github/workflows/ci.yml
 M .github/workflows/stealth-recovery-e2e.yml
 M OPEN_SOURCE_READINESS.md
 M tests/README.md
 M tests/test_mcp_contract.py
?? RELEASE_AUTONOMOUS_PLAN.md
?? RELEASE_HEALTH.log
master
tests/test_tls_ja3_ja4.py::TestJA4Fingerprint::test_ja4_format_starts_correctly
tests/test_tls_ja3_ja4.py::TestJA4Fingerprint::test_chrome_ja4_has_required_fields
tests/test_tls_ja3_ja4.py::TestJA4Fingerprint::test_different_ciphers_produce_different_ja4

505/507 tests collected (2 deselected) in 0.43s
{
  "tools": [
    {
      "name": "stealth_launch",
      "description": "Launch browser session with stealth settings and optional preset/region.",
      "inputSchema": {
        "type": "object",
        "properties": {
          "session_name": {
            "type": "string",
            "description": "Session identifier."
          },
          "headless": {
            "type": "boolean",
            "default": true
          },
          "debug": {
            "type": "boolean",
            "default": false
          },
[{"conclusion":"success","createdAt":"2026-05-23T07:42:08Z","name":"Push on master"},{"conclusion":"success","createdAt":"2026-05-23T07:42:08Z","name":"CI"},{"conclusion":"success","createdAt":"2026-05-23T07:42:08Z","name":"Stealth + Recovery CI (E2E opt-in for"}]
=== Health Check Sat May 23 17:20:07 JST 2026 ===
 M .github/workflows/ci.yml
 M .github/workflows/stealth-recovery-e2e.yml
 M OPEN_SOURCE_READINESS.md
 M tests/README.md
 M tests/test_mcp_contract.py
?? RELEASE_AUTONOMOUS_PLAN.md
?? RELEASE_HEALTH.log
master
tests/test_tls_ja3_ja4.py::TestJA4Fingerprint::test_ja4_format_starts_correctly
tests/test_tls_ja3_ja4.py::TestJA4Fingerprint::test_chrome_ja4_has_required_fields
tests/test_tls_ja3_ja4.py::TestJA4Fingerprint::test_different_ciphers_produce_different_ja4

505/507 tests collected (2 deselected) in 1.02s
{
  "tools": [
    {
      "name": "stealth_launch",
      "description": "Launch browser session with stealth settings and optional preset/region.",
      "inputSchema": {
        "type": "object",
        "properties": {
          "session_name": {
            "type": "string",
            "description": "Session identifier."
          },
          "headless": {
            "type": "boolean",
            "default": true
          },
          "debug": {
            "type": "boolean",
            "default": false
          },
[{"conclusion":"success","createdAt":"2026-05-23T07:42:08Z","name":"Push on master"},{"conclusion":"success","createdAt":"2026-05-23T07:42:08Z","name":"CI"},{"conclusion":"success","createdAt":"2026-05-23T07:42:08Z","name":"Stealth + Recovery CI (E2E opt-in for"}]
=== Health Check Sat May 23 17:35:07 JST 2026 ===
 M .github/workflows/ci.yml
 M .github/workflows/stealth-recovery-e2e.yml
 M OPEN_SOURCE_READINESS.md
 M tests/README.md
 M tests/test_mcp_contract.py
?? RELEASE_AUTONOMOUS_PLAN.md
?? RELEASE_HEALTH.log
master
tests/test_tls_ja3_ja4.py::TestJA4Fingerprint::test_ja4_format_starts_correctly
tests/test_tls_ja3_ja4.py::TestJA4Fingerprint::test_chrome_ja4_has_required_fields
tests/test_tls_ja3_ja4.py::TestJA4Fingerprint::test_different_ciphers_produce_different_ja4

505/507 tests collected (2 deselected) in 0.47s
{
  "tools": [
    {
      "name": "stealth_launch",
      "description": "Launch browser session with stealth settings and optional preset/region.",
      "inputSchema": {
        "type": "object",
        "properties": {
          "session_name": {
            "type": "string",
            "description": "Session identifier."
          },
          "headless": {
            "type": "boolean",
            "default": true
          },
          "debug": {
            "type": "boolean",
            "default": false
          },
[{"conclusion":"success","createdAt":"2026-05-23T07:42:08Z","name":"Push on master"},{"conclusion":"success","createdAt":"2026-05-23T07:42:08Z","name":"CI"},{"conclusion":"success","createdAt":"2026-05-23T07:42:08Z","name":"Stealth + Recovery CI (E2E opt-in for"}]
=== Health Check Sat May 23 17:50:06 JST 2026 ===
 M .github/workflows/ci.yml
 M .github/workflows/stealth-recovery-e2e.yml
 M OPEN_SOURCE_READINESS.md
 M tests/README.md
 M tests/test_mcp_contract.py
?? RELEASE_AUTONOMOUS_PLAN.md
?? RELEASE_HEALTH.log
master
tests/test_tls_ja3_ja4.py::TestJA4Fingerprint::test_ja4_format_starts_correctly
tests/test_tls_ja3_ja4.py::TestJA4Fingerprint::test_chrome_ja4_has_required_fields
tests/test_tls_ja3_ja4.py::TestJA4Fingerprint::test_different_ciphers_produce_different_ja4

505/507 tests collected (2 deselected) in 0.51s
{
  "tools": [
    {
      "name": "stealth_launch",
      "description": "Launch browser session with stealth settings and optional preset/region.",
      "inputSchema": {
        "type": "object",
        "properties": {
          "session_name": {
            "type": "string",
            "description": "Session identifier."
          },
          "headless": {
            "type": "boolean",
            "default": true
          },
          "debug": {
            "type": "boolean",
            "default": false
          },
[{"conclusion":"success","createdAt":"2026-05-23T07:42:08Z","name":"Push on master"},{"conclusion":"success","createdAt":"2026-05-23T07:42:08Z","name":"CI"},{"conclusion":"success","createdAt":"2026-05-23T07:42:08Z","name":"Stealth + Recovery CI (E2E opt-in for"}]
=== Health Check Sat May 23 18:05:06 JST 2026 ===
 M .github/workflows/ci.yml
 M .github/workflows/stealth-recovery-e2e.yml
 M OPEN_SOURCE_READINESS.md
 M tests/README.md
 M tests/test_mcp_contract.py
?? RELEASE_AUTONOMOUS_PLAN.md
?? RELEASE_HEALTH.log
master
tests/test_tls_ja3_ja4.py::TestJA4Fingerprint::test_ja4_format_starts_correctly
tests/test_tls_ja3_ja4.py::TestJA4Fingerprint::test_chrome_ja4_has_required_fields
tests/test_tls_ja3_ja4.py::TestJA4Fingerprint::test_different_ciphers_produce_different_ja4

505/507 tests collected (2 deselected) in 0.45s
{
  "tools": [
    {
      "name": "stealth_launch",
      "description": "Launch browser session with stealth settings and optional preset/region.",
      "inputSchema": {
        "type": "object",
        "properties": {
          "session_name": {
            "type": "string",
            "description": "Session identifier."
          },
          "headless": {
            "type": "boolean",
            "default": true
          },
          "debug": {
            "type": "boolean",
            "default": false
          },
[{"conclusion":"success","createdAt":"2026-05-23T07:42:08Z","name":"Push on master"},{"conclusion":"success","createdAt":"2026-05-23T07:42:08Z","name":"CI"},{"conclusion":"success","createdAt":"2026-05-23T07:42:08Z","name":"Stealth + Recovery CI (E2E opt-in for"}]
=== Health Check Sat May 23 18:20:07 JST 2026 ===
 M .github/workflows/ci.yml
 M .github/workflows/stealth-recovery-e2e.yml
 M OPEN_SOURCE_READINESS.md
 M tests/README.md
 M tests/test_mcp_contract.py
?? RELEASE_AUTONOMOUS_PLAN.md
?? RELEASE_HEALTH.log
master
tests/test_tls_ja3_ja4.py::TestJA4Fingerprint::test_ja4_format_starts_correctly
tests/test_tls_ja3_ja4.py::TestJA4Fingerprint::test_chrome_ja4_has_required_fields
tests/test_tls_ja3_ja4.py::TestJA4Fingerprint::test_different_ciphers_produce_different_ja4

505/507 tests collected (2 deselected) in 1.05s
{
  "tools": [
    {
      "name": "stealth_launch",
      "description": "Launch browser session with stealth settings and optional preset/region.",
      "inputSchema": {
        "type": "object",
        "properties": {
          "session_name": {
            "type": "string",
            "description": "Session identifier."
          },
          "headless": {
            "type": "boolean",
            "default": true
          },
          "debug": {
            "type": "boolean",
            "default": false
          },
[{"conclusion":"success","createdAt":"2026-05-23T07:42:08Z","name":"Push on master"},{"conclusion":"success","createdAt":"2026-05-23T07:42:08Z","name":"CI"},{"conclusion":"success","createdAt":"2026-05-23T07:42:08Z","name":"Stealth + Recovery CI (E2E opt-in for"}]
=== Health Check Sat May 23 18:35:06 JST 2026 ===
 M .github/workflows/ci.yml
 M .github/workflows/stealth-recovery-e2e.yml
 M OPEN_SOURCE_READINESS.md
 M tests/README.md
 M tests/test_mcp_contract.py
?? RELEASE_AUTONOMOUS_PLAN.md
?? RELEASE_HEALTH.log
master
tests/test_tls_ja3_ja4.py::TestJA4Fingerprint::test_ja4_format_starts_correctly
tests/test_tls_ja3_ja4.py::TestJA4Fingerprint::test_chrome_ja4_has_required_fields
tests/test_tls_ja3_ja4.py::TestJA4Fingerprint::test_different_ciphers_produce_different_ja4

505/507 tests collected (2 deselected) in 0.48s
{
  "tools": [
    {
      "name": "stealth_launch",
      "description": "Launch browser session with stealth settings and optional preset/region.",
      "inputSchema": {
        "type": "object",
        "properties": {
          "session_name": {
            "type": "string",
            "description": "Session identifier."
          },
          "headless": {
            "type": "boolean",
            "default": true
          },
          "debug": {
            "type": "boolean",
            "default": false
          },
[{"conclusion":"success","createdAt":"2026-05-23T07:42:08Z","name":"Push on master"},{"conclusion":"success","createdAt":"2026-05-23T07:42:08Z","name":"CI"},{"conclusion":"success","createdAt":"2026-05-23T07:42:08Z","name":"Stealth + Recovery CI (E2E opt-in for"}]
=== Health Check Sat May 23 18:50:06 JST 2026 ===
 M .github/workflows/ci.yml
 M .github/workflows/stealth-recovery-e2e.yml
 M OPEN_SOURCE_READINESS.md
 M tests/README.md
 M tests/test_mcp_contract.py
?? RELEASE_AUTONOMOUS_PLAN.md
?? RELEASE_HEALTH.log
master
tests/test_tls_ja3_ja4.py::TestJA4Fingerprint::test_ja4_format_starts_correctly
tests/test_tls_ja3_ja4.py::TestJA4Fingerprint::test_chrome_ja4_has_required_fields
tests/test_tls_ja3_ja4.py::TestJA4Fingerprint::test_different_ciphers_produce_different_ja4

505/507 tests collected (2 deselected) in 0.64s
{
  "tools": [
    {
      "name": "stealth_launch",
      "description": "Launch browser session with stealth settings and optional preset/region.",
      "inputSchema": {
        "type": "object",
        "properties": {
          "session_name": {
            "type": "string",
            "description": "Session identifier."
          },
          "headless": {
            "type": "boolean",
            "default": true
          },
          "debug": {
            "type": "boolean",
            "default": false
          },
[{"conclusion":"success","createdAt":"2026-05-23T07:42:08Z","name":"Push on master"},{"conclusion":"success","createdAt":"2026-05-23T07:42:08Z","name":"CI"},{"conclusion":"success","createdAt":"2026-05-23T07:42:08Z","name":"Stealth + Recovery CI (E2E opt-in for"}]
=== Loop Stopped by User ===
Autonomous health check scheduler (019e53c22d98) cancelled at Sat May 23 18:59:45 JST 2026
